        <html>
        <head>
                <title>
                My System Information pop-os
                </title>
        </head>
       <body> 
        <h1> My System Information pop-os</h1>
        <p>Updated on 10/13/2020 10:22:35 AM EDT by root</p>
        <h2>Distribution  info</h2>
<p>
"Ubuntu 20.04.1 LTS"
</p>
<h2>Kernel  info</h2>
<p>
Linux pop-os 5.4.0-7642-generic 
<p>
<h2>Memory</h2>
<p>
              total        used        free      shared  buff/cache   available
Mem:        4002256     1336900     1828488        3200      836868     2413744
Swap:       4193784           0     4193784
</p>
<h2>Disk Devices</h2>
<p>
Disk /dev/loop0: 146.46 MiB, 153567232 bytes, 299936 sectors
Units: sectors of 1 * 512 = 512 bytes
Sector size (logical/physical): 512 bytes / 512 bytes
I/O size (minimum/optimal): 512 bytes / 512 bytes


Disk /dev/loop1: 146.48 MiB, 153587712 bytes, 299976 sectors
Units: sectors of 1 * 512 = 512 bytes
Sector size (logical/physical): 512 bytes / 512 bytes
I/O size (minimum/optimal): 512 bytes / 512 bytes


Disk /dev/loop2: 97.72 MiB, 102445056 bytes, 200088 sectors
Units: sectors of 1 * 512 = 512 bytes
Sector size (logical/physical): 512 bytes / 512 bytes
I/O size (minimum/optimal): 512 bytes / 512 bytes


Disk /dev/loop3: 97.6 MiB, 101777408 bytes, 198784 sectors
Units: sectors of 1 * 512 = 512 bytes
Sector size (logical/physical): 512 bytes / 512 bytes
I/O size (minimum/optimal): 512 bytes / 512 bytes


Disk /dev/sda: 20 GiB, 21474836480 bytes, 41943040 sectors
Disk model: VMware Virtual S
Units: sectors of 1 * 512 = 512 bytes
Sector size (logical/physical): 512 bytes / 512 bytes
I/O size (minimum/optimal): 512 bytes / 512 bytes
Disklabel type: dos
Disk identifier: 0x516c2665

Device     Boot    Start      End  Sectors  Size Id Type
/dev/sda1  *        4096  1023998  1019903  498M 83 Linux
/dev/sda2        1024000 33550334 32526335 15.5G 83 Linux
/dev/sda3       33550336 41938942  8388607    4G 82 Linux swap / Solaris


Disk /dev/sdb: 20 GiB, 21474836480 bytes, 41943040 sectors
Disk model: VMware Virtual S
Units: sectors of 1 * 512 = 512 bytes
Sector size (logical/physical): 512 bytes / 512 bytes
I/O size (minimum/optimal): 512 bytes / 512 bytes
Disklabel type: dos
Disk identifier: 0x779edd35

Device     Boot Start      End  Sectors Size Id Type
/dev/sdb1        2048 41943039 41940992  20G 83 Linux


Disk /dev/mapper/cryptdata: 15.51 GiB, 16636706304 bytes, 32493567 sectors
Units: sectors of 1 * 512 = 512 bytes
Sector size (logical/physical): 512 bytes / 512 bytes
I/O size (minimum/optimal): 512 bytes / 512 bytes


Disk /dev/mapper/data-root: 15.5 GiB, 16634609664 bytes, 32489472 sectors
Units: sectors of 1 * 512 = 512 bytes
Sector size (logical/physical): 512 bytes / 512 bytes
I/O size (minimum/optimal): 512 bytes / 512 bytes


Disk /dev/mapper/cryptswap: 3.102 GiB, 4294442496 bytes, 8387583 sectors
Units: sectors of 1 * 512 = 512 bytes
Sector size (logical/physical): 512 bytes / 512 bytes
I/O size (minimum/optimal): 512 bytes / 512 bytes
</p>
<h2>Filesystem space</h2>
<pre>
Filesystem             Size  Used Avail Use% Mounted on
udev                   1.9G     0  1.9G   0% /dev
tmpfs                  391M  2.1M  389M   1% /run
/dev/mapper/data-root   16G  7.2G  7.3G  50% /
tmpfs                  2.0G     0  2.0G   0% /dev/shm
tmpfs                  5.0M     0  5.0M   0% /run/lock
tmpfs                  2.0G     0  2.0G   0% /sys/fs/cgroup
/dev/loop0             147M  147M     0 100% /snap/code/46
/dev/loop1             147M  147M     0 100% /snap/code/47
/dev/loop2              98M   98M     0 100% /snap/core/10126
/dev/loop3              98M   98M     0 100% /snap/core/9993
/dev/sda1              467M  105M  328M  25% /boot
/dev/sdb1               20G   45M   19G   1% /data
tmpfs                  391M   16K  391M   1% /run/user/110
tmpfs                  391M   20K  391M   1% /run/user/1000
/dev/sr0               2.2G  2.2G     0 100% /media/luketatro/Pop_OS 20.04 amd64
</pre>
<h2>Users</h2>
<pre>
root
uid=0(root) gid=0(root) groups=0(root)
luketatro
uid=1000(luketatro) gid=1000(luketatro) groups=1000(luketatro),4(adm),27(sudo)
alice
uid=1001(alice) gid=1001(alice) groups=1001(alice),1006(management)
bob
uid=1002(bob) gid=1002(bob) groups=1002(bob),1005(accounting)
charlie
uid=1003(charlie) gid=1003(charlie) groups=1003(charlie),1005(accounting)
bilbo
uid=1004(bilbo) gid=1004(bilbo) groups=1004(bilbo)
fred
uid=1005(fred) gid=1007(fred) groups=1007(fred),1006(management)
tim
uid=1006(tim) gid=1008(tim) groups=1008(tim)
</pre>
        <h2>Network Information</h2>
<pre>
 ens33
UP
192.168.134.131 
</pre>
<h2>System uptime</h2>
<pre>
 10:22:35 up 3 min,  1 user,  load average: 1.30, 1.29, 0.55
</pre>
        <h2>Home Directory space by user</h2>
<pre>
Bytes Directory
363924	/home/luketatro
51140	/home/bilbo
36	/home/bob
24	/home/charlie
20	/home/tim
20	/home/fred
20	/home/brad
20	/home/alice
<pre>

        </body>
        </html>
